2026-09-21 10:22:03,862 [INFO] =================================================================
2026-09-21 10:22:03,863 [INFO] 🚀 ЗАПУСК НОЧНОГО ГИБРИДНОГО ПАРСЕРА V14 (ULTRA-RESILIENT)
2026-09-21 10:22:03,863 [INFO] 💾 База данных: dzen_analytics.db | Выгрузка: dzen_deep_channels.json
2026-09-21 10:22:03,863 [INFO] =================================================================
2026-09-21 10:22:03,874 [INFO] 📊 В вашей базе данных уже находится уникальных каналов: 0
2026-09-21 10:22:03,874 [INFO] 📥 Сканирование карты [1/5]: https://dzen.guru/sitemap-channels-1.xml
2026-09-21 10:22:06,522 [INFO]   ├─ Найдено 0 ссылок | Уникальных новых: +0 (Всего: 0)
2026-09-21 10:22:06,523 [INFO] 📥 Сканирование карты [2/5]: https://dzen.guru/sitemap-channels-2.xml
2026-09-21 10:22:07,574 [INFO]   ├─ Найдено 0 ссылок | Уникальных новых: +0 (Всего: 0)
2026-09-21 10:22:07,575 [INFO] 📥 Сканирование карты [3/5]: https://dzen.guru/sitemap-channels-3.xml
2026-09-21 10:22:08,610 [INFO]   ├─ Найдено 0 ссылок | Уникальных новых: +0 (Всего: 0)
2026-09-21 10:22:08,611 [INFO] 📥 Сканирование карты [4/5]: https://dzen.guru/sitemap-channels-4.xml
2026-09-21 10:22:11,653 [INFO]   ├─ Найдено 0 ссылок | Уникальных новых: +0 (Всего: 0)
2026-09-21 10:22:11,653 [INFO] 📥 Сканирование карты [5/5]: https://dzen.guru/sitemap-channels-5.xml
2026-09-21 10:22:12,916 [INFO]   ├─ Найдено 0 ссылок | Уникальных новых: +0 (Всего: 0)
2026-09-21 10:22:12,917 [INFO] 🎯 Всего сформирован пул из 32 уникальных каналов
2026-09-21 10:22:12,917 [INFO] ⚡ Очередь новых каналов для загрузки метрик: 32
2026-09-21 10:22:14,094 [WARNING] ⚠️ Status 404 for https://dzen.guru/channels/pikabu_official
2026-09-21 10:22:14,106 [WARNING] ⚠️ Status 404 for https://dzen.guru/channels/auto_master
2026-09-21 10:22:14,198 [WARNING] ⚠️ Status 404 for https://dzen.guru/channels/fashion_style
2026-09-21 10:22:14,200 [WARNING] ⚠️ Status 404 for https://dzen.guru/channels/m24_ru
2026-09-21 10:22:14,253 [WARNING] ⚠️ Status 404 for https://dzen.guru/channels/sport_match
2026-09-21 10:22:14,257 [WARNING] ⚠️ Status 404 for https://dzen.guru/channels/tsargrad_tv
2026-09-21 10:22:14,258 [WARNING] ⚠️ Status 404 for https://dzen.guru/channels/forbes_russia
2026-09-21 10:22:14,259 [WARNING] ⚠️ Status 404 for https://dzen.guru/channels/travel_guide
2026-09-21 10:22:15,030 [WARNING] ⚠️ urllib failed for https://dzen.guru/channels/fashion_style: HTTP Error 404: Not Found
2026-09-21 10:22:15,046 [WARNING] ⚠️ urllib failed for https://dzen.guru/channels/auto_master: HTTP Error 404: Not Found
2026-09-21 10:22:15,053 [WARNING] ⚠️ urllib failed for https://dzen.guru/channels/m24_ru: HTTP Error 404: Not Found
2026-09-21 10:22:15,063 [WARNING] ⚠️ urllib failed for https://dzen.guru/channels/pikabu_official: HTTP Error 404: Not Found
2026-09-21 10:22:15,063 [WARNING] ⚠️ urllib failed for https://dzen.guru/channels/tsargrad_tv: HTTP Error 404: Not Found
2026-09-21 10:22:15,077 [WARNING] ⚠️ urllib failed for https://dzen.guru/channels/sport_match: HTTP Error 404: Not Found
2026-09-21 10:22:15,278 [WARNING] ⚠️ Status 404 for https://dzen.guru/channels/izvestia
2026-09-21 10:22:15,320 [WARNING] ⚠️ urllib failed for https://dzen.guru/channels/forbes_russia: HTTP Error 404: Not Found
2026-09-21 10:22:15,469 [WARNING] ⚠️ urllib failed for https://dzen.guru/channels/travel_guide: HTTP Error 404: Not Found
2026-09-21 10:22:15,506 [WARNING] ⚠️ Status 404 for https://dzen.guru/channels/snob_ru
2026-09-21 10:22:15,515 [WARNING] ⚠️ Status 404 for https://dzen.guru/channels/lenta_ru
2026-09-21 10:22:15,515 [WARNING] ⚠️ Status 404 for https://dzen.guru/channels/gazeta_ru
2026-09-21 10:22:15,530 [WARNING] ⚠️ Status 404 for https://dzen.guru/channels/lifehack
2026-09-21 10:22:15,539 [WARNING] ⚠️ Status 404 for https://dzen.guru/channels/psychology_journal
2026-09-21 10:22:15,548 [WARNING] ⚠️ Status 404 for https://dzen.guru/channels/cooking_life
2026-09-21 10:22:15,773 [WARNING] ⚠️ Status 404 for https://dzen.guru/channels/habr_official
2026-09-21 10:22:15,802 [WARNING] ⚠️ Status 404 for https://dzen.guru/channels/finance_daily
2026-09-21 10:22:16,129 [WARNING] ⚠️ Status 404 for https://dzen.guru/channels/repost_news
2026-09-21 10:22:16,418 [WARNING] ⚠️ urllib failed for https://dzen.guru/channels/izvestia: HTTP Error 404: Not Found
2026-09-21 10:22:16,576 [WARNING] ⚠️ urllib failed for https://dzen.guru/channels/snob_ru: HTTP Error 404: Not Found
2026-09-21 10:22:16,596 [WARNING] ⚠️ urllib failed for https://dzen.guru/channels/lenta_ru: HTTP Error 404: Not Found
2026-09-21 10:22:16,608 [WARNING] ⚠️ urllib failed for https://dzen.guru/channels/gazeta_ru: HTTP Error 404: Not Found
2026-09-21 10:22:16,662 [WARNING] ⚠️ urllib failed for https://dzen.guru/channels/lifehack: HTTP Error 404: Not Found
2026-09-21 10:22:16,668 [WARNING] ⚠️ urllib failed for https://dzen.guru/channels/cooking_life: HTTP Error 404: Not Found
2026-09-21 10:22:16,777 [WARNING] ⚠️ urllib failed for https://dzen.guru/channels/psychology_journal: HTTP Error 404: Not Found
2026-09-21 10:22:17,085 [WARNING] ⚠️ urllib failed for https://dzen.guru/channels/habr_official: HTTP Error 404: Not Found
2026-09-21 10:22:17,107 [WARNING] ⚠️ urllib failed for https://dzen.guru/channels/finance_daily: HTTP Error 404: Not Found
2026-09-21 10:22:17,161 [WARNING] ⚠️ Status 404 for https://dzen.guru/channels/novorosinform_org
2026-09-21 10:22:17,218 [WARNING] ⚠️ Status 404 for https://dzen.guru/channels/history_world
2026-09-21 10:22:17,218 [WARNING] ⚠️ Status 404 for https://dzen.guru/channels/vc_ru
2026-09-21 10:22:17,334 [WARNING] ⚠️ Status 404 for https://dzen.guru/channels/cinema_review
2026-09-21 10:22:17,568 [WARNING] ⚠️ urllib failed for https://dzen.guru/channels/repost_news: HTTP Error 404: Not Found
2026-09-21 10:22:17,619 [WARNING] ⚠️ Status 404 for https://dzen.guru/channels/tech_insider
2026-09-21 10:22:17,634 [WARNING] ⚠️ Status 404 for https://dzen.guru/channels/rbc_news
2026-09-21 10:22:17,776 [WARNING] ⚠️ Status 404 for https://dzen.guru/channels/tass_agency
2026-09-21 10:22:18,385 [WARNING] ⚠️ urllib failed for https://dzen.guru/channels/novorosinform_org: HTTP Error 404: Not Found
2026-09-21 10:22:18,494 [WARNING] ⚠️ urllib failed for https://dzen.guru/channels/history_world: HTTP Error 404: Not Found
2026-09-21 10:22:18,539 [WARNING] ⚠️ urllib failed for https://dzen.guru/channels/vc_ru: HTTP Error 404: Not Found
2026-09-21 10:22:18,708 [WARNING] ⚠️ urllib failed for https://dzen.guru/channels/cinema_review: HTTP Error 404: Not Found
2026-09-21 10:22:18,864 [WARNING] ⚠️ urllib failed for https://dzen.guru/channels/rbc_news: HTTP Error 404: Not Found
2026-09-21 10:22:18,866 [WARNING] ⚠️ urllib failed for https://dzen.guru/channels/tech_insider: HTTP Error 404: Not Found
2026-09-21 10:22:18,912 [WARNING] ⚠️ urllib failed for https://dzen.guru/channels/tass_agency: HTTP Error 404: Not Found
2026-09-21 10:22:19,005 [INFO] 📦 Батч [32/32] | Сохранено +7 | Всего в базе: 7 | Скорость: 1.1 кан/сек | ETA: ~0.0 ч.
2026-09-21 10:22:19,007 [INFO] 🎉 ГИБРИДНЫЙ ПАРСИНГ V14 УСПЕШНО ЗАВЕРШЕН!
2026-09-21 10:32:59,994 [INFO] =================================================================
2026-09-21 10:32:59,994 [INFO] 🚀 ЗАПУСК НОЧНОГО ГИБРИДНОГО ПАРСЕРА V14 (ULTRA-RESILIENT)
2026-09-21 10:32:59,995 [INFO] 💾 База данных: dzen_analytics.db | Выгрузка: dzen_deep_channels.json
2026-09-21 10:32:59,995 [INFO] =================================================================
2026-09-21 10:32:59,995 [INFO] 📊 В вашей базе данных уже находится уникальных каналов: 7
2026-09-21 10:32:59,995 [INFO] 📥 Сканирование карты [1/5]: https://dzen.guru/sitemap-channels-1.xml
2026-09-21 10:33:00,720 [INFO]   ├─ Найдено 0 ссылок | Уникальных новых: +0 (Всего: 0)
2026-09-21 10:33:00,720 [INFO] 📥 Сканирование карты [2/5]: https://dzen.guru/sitemap-channels-2.xml
2026-09-21 10:33:00,967 [INFO]   ├─ Найдено 0 ссылок | Уникальных новых: +0 (Всего: 0)
2026-09-21 10:33:00,987 [INFO] 📥 Сканирование карты [3/5]: https://dzen.guru/sitemap-channels-3.xml
2026-09-21 10:33:01,415 [INFO]   ├─ Найдено 0 ссылок | Уникальных новых: +0 (Всего: 0)
2026-09-21 10:33:01,415 [INFO] 📥 Сканирование карты [4/5]: https://dzen.guru/sitemap-channels-4.xml
2026-09-21 10:33:01,675 [INFO]   ├─ Найдено 0 ссылок | Уникальных новых: +0 (Всего: 0)
2026-09-21 10:33:01,675 [INFO] 📥 Сканирование карты [5/5]: https://dzen.guru/sitemap-channels-5.xml
2026-09-21 10:33:01,933 [INFO]   ├─ Найдено 0 ссылок | Уникальных новых: +0 (Всего: 0)
2026-09-21 10:33:01,933 [INFO] 🎯 Всего сформирован пул из 32 уникальных каналов
2026-09-21 10:33:01,933 [INFO] ⚡ Очередь новых каналов для загрузки метрик: 25
2026-09-21 10:33:02,090 [WARNING] ⚠️ Status 404 for https://dzen.guru/channels/fashion_style
2026-09-21 10:33:02,332 [WARNING] ⚠️ Status 404 for https://dzen.guru/channels/tass_agency
2026-09-21 10:33:02,348 [WARNING] ⚠️ Status 404 for https://dzen.guru/channels/snob_ru
2026-09-21 10:33:02,381 [WARNING] ⚠️ Status 404 for https://dzen.guru/channels/cinema_review
2026-09-21 10:33:02,389 [WARNING] ⚠️ Status 404 for https://dzen.guru/channels/pikabu_official
2026-09-21 10:33:02,398 [WARNING] ⚠️ Status 404 for https://dzen.guru/channels/lifehack
2026-09-21 10:33:02,422 [WARNING] ⚠️ Status 404 for https://dzen.guru/channels/auto_master
2026-09-21 10:33:02,548 [WARNING] ⚠️ Status 404 for https://dzen.guru/channels/sport_match
2026-09-21 10:33:02,555 [WARNING] ⚠️ Status 404 for https://dzen.guru/channels/travel_guide
2026-09-21 10:33:02,556 [WARNING] ⚠️ Status 404 for https://dzen.guru/channels/izvestia
2026-09-21 10:33:02,678 [WARNING] ⚠️ urllib failed for https://dzen.guru/channels/fashion_style: HTTP Error 404: Not Found
2026-09-21 10:33:02,854 [WARNING] ⚠️ Status 404 for https://dzen.guru/channels/novorosinform_org
2026-09-21 10:33:02,993 [WARNING] ⚠️ urllib failed for https://dzen.guru/channels/tass_agency: HTTP Error 404: Not Found
2026-09-21 10:33:03,052 [WARNING] ⚠️ urllib failed for https://dzen.guru/channels/pikabu_official: HTTP Error 404: Not Found
2026-09-21 10:33:03,164 [WARNING] ⚠️ urllib failed for https://dzen.guru/channels/cinema_review: HTTP Error 404: Not Found
2026-09-21 10:33:03,167 [WARNING] ⚠️ urllib failed for https://dzen.guru/channels/lifehack: HTTP Error 404: Not Found
2026-09-21 10:33:03,172 [WARNING] ⚠️ urllib failed for https://dzen.guru/channels/snob_ru: HTTP Error 404: Not Found
2026-09-21 10:33:03,177 [WARNING] ⚠️ urllib failed for https://dzen.guru/channels/auto_master: HTTP Error 404: Not Found
2026-09-21 10:33:03,181 [WARNING] ⚠️ Status 404 for https://dzen.guru/channels/finance_daily
2026-09-21 10:33:03,303 [WARNING] ⚠️ urllib failed for https://dzen.guru/channels/sport_match: HTTP Error 404: Not Found
2026-09-21 10:33:03,307 [WARNING] ⚠️ urllib failed for https://dzen.guru/channels/travel_guide: HTTP Error 404: Not Found
2026-09-21 10:33:03,320 [WARNING] ⚠️ urllib failed for https://dzen.guru/channels/izvestia: HTTP Error 404: Not Found
2026-09-21 10:33:03,334 [WARNING] ⚠️ Status 404 for https://dzen.guru/channels/tsargrad_tv
2026-09-21 10:33:03,340 [WARNING] ⚠️ Status 404 for https://dzen.guru/channels/psychology_journal
2026-09-21 10:33:03,356 [WARNING] ⚠️ Status 404 for https://dzen.guru/channels/gazeta_ru
2026-09-21 10:33:03,363 [WARNING] ⚠️ Status 404 for https://dzen.guru/channels/forbes_russia
2026-09-21 10:33:03,364 [WARNING] ⚠️ Status 404 for https://dzen.guru/channels/vc_ru
2026-09-21 10:33:03,479 [WARNING] ⚠️ Status 404 for https://dzen.guru/channels/cooking_life
2026-09-21 10:33:03,486 [WARNING] ⚠️ urllib failed for https://dzen.guru/channels/novorosinform_org: HTTP Error 404: Not Found
2026-09-21 10:33:03,500 [WARNING] ⚠️ Status 404 for https://dzen.guru/channels/habr_official
2026-09-21 10:33:03,539 [WARNING] ⚠️ Status 404 for https://dzen.guru/channels/m24_ru
2026-09-21 10:33:03,679 [WARNING] ⚠️ Status 404 for https://dzen.guru/channels/rbc_news
2026-09-21 10:33:03,794 [WARNING] ⚠️ urllib failed for https://dzen.guru/channels/finance_daily: HTTP Error 404: Not Found
2026-09-21 10:33:03,884 [WARNING] ⚠️ urllib failed for https://dzen.guru/channels/tsargrad_tv: HTTP Error 404: Not Found
2026-09-21 10:33:03,906 [WARNING] ⚠️ urllib failed for https://dzen.guru/channels/psychology_journal: HTTP Error 404: Not Found
2026-09-21 10:33:03,926 [WARNING] ⚠️ Status 404 for https://dzen.guru/channels/repost_news
2026-09-21 10:33:03,949 [WARNING] ⚠️ urllib failed for https://dzen.guru/channels/vc_ru: HTTP Error 404: Not Found
2026-09-21 10:33:03,992 [WARNING] ⚠️ urllib failed for https://dzen.guru/channels/gazeta_ru: HTTP Error 404: Not Found
2026-09-21 10:33:03,999 [WARNING] ⚠️ urllib failed for https://dzen.guru/channels/forbes_russia: HTTP Error 404: Not Found
2026-09-21 10:33:04,023 [WARNING] ⚠️ Status 404 for https://dzen.guru/channels/lenta_ru
2026-09-21 10:33:04,029 [WARNING] ⚠️ urllib failed for https://dzen.guru/channels/cooking_life: HTTP Error 404: Not Found
2026-09-21 10:33:04,032 [WARNING] ⚠️ urllib failed for https://dzen.guru/channels/habr_official: HTTP Error 404: Not Found
2026-09-21 10:33:04,036 [WARNING] ⚠️ Status 404 for https://dzen.guru/channels/tech_insider
2026-09-21 10:33:04,078 [WARNING] ⚠️ Status 404 for https://dzen.guru/channels/history_world
2026-09-21 10:33:04,116 [WARNING] ⚠️ urllib failed for https://dzen.guru/channels/m24_ru: HTTP Error 404: Not Found
2026-09-21 10:33:04,185 [WARNING] ⚠️ urllib failed for https://dzen.guru/channels/rbc_news: HTTP Error 404: Not Found
2026-09-21 10:33:04,420 [WARNING] ⚠️ urllib failed for https://dzen.guru/channels/repost_news: HTTP Error 404: Not Found
2026-09-21 10:33:04,487 [WARNING] ⚠️ urllib failed for https://dzen.guru/channels/lenta_ru: HTTP Error 404: Not Found
2026-09-21 10:33:04,522 [WARNING] ⚠️ urllib failed for https://dzen.guru/channels/tech_insider: HTTP Error 404: Not Found
2026-09-21 10:33:04,523 [WARNING] ⚠️ urllib failed for https://dzen.guru/channels/history_world: HTTP Error 404: Not Found
2026-09-21 10:33:04,524 [INFO] 📦 Батч [25/25] | Сохранено +0 | Всего в базе: 7 | Скорость: 0.0 кан/сек | ETA: ~0.0 ч.
2026-09-21 10:33:04,524 [INFO] 🎉 ГИБРИДНЫЙ ПАРСИНГ V14 УСПЕШНО ЗАВЕРШЕН!
2026-09-21 10:36:20,725 [INFO] 📥 Сканирование карты [1/3]: https://dzen.guru/sitemaps/channels-1.xml
2026-09-21 10:36:22,085 [INFO]   ├─ Найдено 21,703 ссылок | Уникальных новых: +20,858 (Всего: 20,858)
2026-09-21 10:36:22,085 [INFO] 📥 Сканирование карты [2/3]: https://dzen.guru/sitemaps/channels-2.xml
2026-09-21 10:36:23,330 [INFO]   ├─ Найдено 19,396 ссылок | Уникальных новых: +19,249 (Всего: 40,107)
2026-09-21 10:36:23,331 [INFO] 📥 Сканирование карты [3/3]: https://dzen.guru/sitemaps/channels-3.xml
2026-09-21 10:36:24,939 [INFO]   ├─ Найдено 36,825 ссылок | Уникальных новых: +36,796 (Всего: 76,903)
2026-09-21 10:38:43,005 [INFO] =================================================================
2026-09-21 10:38:43,005 [INFO] 🚀 ЗАПУСК НОЧНОГО ГИБРИДНОГО ПАРСЕРА V14 (ULTRA-RESILIENT)
2026-09-21 10:38:43,006 [INFO] 💾 База данных: dzen_analytics.db | Выгрузка: dzen_deep_channels.json
2026-09-21 10:38:43,006 [INFO] =================================================================
2026-09-21 10:38:43,006 [INFO] 📊 В вашей базе данных уже находится уникальных каналов: 7
2026-09-21 10:38:43,411 [INFO] 📥 Сканирование карты [1/3]: https://dzen.guru/sitemaps/channels-1.xml
2026-09-21 10:38:44,482 [INFO]   ├─ Найдено 21,703 ссылок | Уникальных новых: +20,858 (Всего: 20,858)
2026-09-21 10:38:44,482 [INFO] 📥 Сканирование карты [2/3]: https://dzen.guru/sitemaps/channels-2.xml
2026-09-21 10:38:45,338 [INFO]   ├─ Найдено 19,396 ссылок | Уникальных новых: +19,249 (Всего: 40,107)
2026-09-21 10:38:45,338 [INFO] 📥 Сканирование карты [3/3]: https://dzen.guru/sitemaps/channels-3.xml
2026-09-21 10:38:46,571 [INFO]   ├─ Найдено 36,825 ссылок | Уникальных новых: +36,796 (Всего: 76,903)
2026-09-21 10:38:46,572 [INFO] 🎯 Всего сформирован пул из 76,928 уникальных каналов
2026-09-21 10:38:46,581 [INFO] ⚡ Очередь новых каналов для загрузки метрик: 76,921
2026-09-21 10:38:50,023 [INFO] 📦 Батч [50/76,921] | Сохранено +50 | Всего в базе: 57 | Скорость: 14.5 кан/сек | ETA: ~1.5 ч.
2026-09-21 10:38:53,091 [INFO] 📦 Батч [100/76,921] | Сохранено +50 | Всего в базе: 107 | Скорость: 15.4 кан/сек | ETA: ~1.4 ч.
2026-09-21 10:38:56,246 [INFO] 📦 Батч [150/76,921] | Сохранено +50 | Всего в базе: 157 | Скорость: 15.5 кан/сек | ETA: ~1.4 ч.
2026-09-21 10:39:00,225 [INFO] 📦 Батч [200/76,921] | Сохранено +50 | Всего в базе: 207 | Скорость: 14.7 кан/сек | ETA: ~1.5 ч.
2026-09-21 10:39:04,085 [INFO] 📦 Батч [250/76,921] | Сохранено +50 | Всего в базе: 257 | Скорость: 14.3 кан/сек | ETA: ~1.5 ч.
2026-09-21 10:39:07,248 [INFO] 📦 Батч [300/76,921] | Сохранено +50 | Всего в базе: 307 | Скорость: 14.5 кан/сек | ETA: ~1.5 ч.
2026-09-21 10:39:13,007 [INFO] 📦 Батч [350/76,921] | Сохранено +50 | Всего в базе: 357 | Скорость: 13.2 кан/сек | ETA: ~1.6 ч.
2026-09-21 10:39:15,955 [INFO] 📦 Батч [400/76,921] | Сохранено +50 | Всего в базе: 407 | Скорость: 13.6 кан/сек | ETA: ~1.6 ч.
2026-09-21 10:39:18,771 [INFO] 📦 Батч [450/76,921] | Сохранено +50 | Всего в базе: 457 | Скорость: 14.0 кан/сек | ETA: ~1.5 ч.
2026-09-21 10:39:21,720 [INFO] 📦 Батч [500/76,921] | Сохранено +50 | Всего в базе: 507 | Скорость: 14.2 кан/сек | ETA: ~1.5 ч.
2026-09-21 10:39:25,788 [INFO] 📦 Батч [550/76,921] | Сохранено +50 | Всего в базе: 557 | Скорость: 14.0 кан/сек | ETA: ~1.5 ч.
2026-09-21 10:39:29,111 [INFO] 📦 Батч [600/76,921] | Сохранено +50 | Всего в базе: 607 | Скорость: 14.1 кан/сек | ETA: ~1.5 ч.
2026-09-21 10:39:32,522 [INFO] 📦 Батч [650/76,921] | Сохранено +50 | Всего в базе: 657 | Скорость: 14.1 кан/сек | ETA: ~1.5 ч.
2026-09-21 10:39:36,260 [INFO] 📦 Батч [700/76,921] | Сохранено +50 | Всего в базе: 707 | Скорость: 14.1 кан/сек | ETA: ~1.5 ч.
2026-09-21 10:39:39,232 [INFO] 📦 Батч [750/76,921] | Сохранено +50 | Всего в базе: 757 | Скорость: 14.2 кан/сек | ETA: ~1.5 ч.
2026-09-21 10:39:42,763 [INFO] 📦 Батч [800/76,921] | Сохранено +50 | Всего в базе: 807 | Скорость: 14.2 кан/сек | ETA: ~1.5 ч.
2026-09-21 10:39:46,148 [INFO] 📦 Батч [850/76,921] | Сохранено +50 | Всего в базе: 857 | Скорость: 14.3 кан/сек | ETA: ~1.5 ч.
2026-09-21 10:39:49,891 [INFO] 📦 Батч [900/76,921] | Сохранено +50 | Всего в базе: 907 | Скорость: 14.2 кан/сек | ETA: ~1.5 ч.
2026-09-21 10:39:52,703 [INFO] 📦 Батч [950/76,921] | Сохранено +50 | Всего в базе: 957 | Скорость: 14.4 кан/сек | ETA: ~1.5 ч.
2026-09-21 10:39:56,729 [INFO] 📦 Батч [1,000/76,921] | Сохранено +50 | Всего в базе: 1,007 | Скорость: 14.3 кан/сек | ETA: ~1.5 ч.
2026-09-21 10:40:00,754 [INFO] 📦 Батч [1,050/76,921] | Сохранено +50 | Всего в базе: 1,057 | Скорость: 14.2 кан/сек | ETA: ~1.5 ч.
2026-09-21 10:40:04,522 [INFO] 📦 Батч [1,100/76,921] | Сохранено +50 | Всего в базе: 1,107 | Скорость: 14.1 кан/сек | ETA: ~1.5 ч.
2026-09-21 10:40:07,731 [INFO] 📦 Батч [1,150/76,921] | Сохранено +50 | Всего в базе: 1,157 | Скорость: 14.2 кан/сек | ETA: ~1.5 ч.
2026-09-21 10:40:13,447 [INFO] 📦 Батч [1,200/76,921] | Сохранено +50 | Всего в базе: 1,207 | Скорость: 13.8 кан/сек | ETA: ~1.5 ч.
2026-09-21 10:40:16,817 [INFO] 📦 Батч [1,250/76,921] | Сохранено +50 | Всего в базе: 1,257 | Скорость: 13.9 кан/сек | ETA: ~1.5 ч.
2026-09-21 10:40:21,873 [INFO] 📦 Батч [1,300/76,921] | Сохранено +50 | Всего в базе: 1,307 | Скорость: 13.6 кан/сек | ETA: ~1.5 ч.
2026-09-21 10:40:27,428 [INFO] 📦 Батч [1,350/76,921] | Сохранено +50 | Всего в базе: 1,357 | Скорость: 13.4 кан/сек | ETA: ~1.6 ч.
2026-09-21 10:40:31,516 [INFO] 📦 Батч [1,400/76,921] | Сохранено +50 | Всего в базе: 1,407 | Скорость: 13.3 кан/сек | ETA: ~1.6 ч.
2026-09-21 10:40:36,255 [INFO] 📦 Батч [1,450/76,921] | Сохранено +50 | Всего в базе: 1,457 | Скорость: 13.2 кан/сек | ETA: ~1.6 ч.
2026-09-21 10:40:40,364 [INFO] 📦 Батч [1,500/76,921] | Сохранено +50 | Всего в базе: 1,507 | Скорость: 13.2 кан/сек | ETA: ~1.6 ч.
2026-09-21 10:40:44,095 [INFO] 📦 Батч [1,550/76,921] | Сохранено +50 | Всего в базе: 1,557 | Скорость: 13.2 кан/сек | ETA: ~1.6 ч.
2026-09-21 10:40:48,912 [INFO] 📦 Батч [1,600/76,921] | Сохранено +50 | Всего в базе: 1,607 | Скорость: 13.1 кан/сек | ETA: ~1.6 ч.
2026-09-21 10:40:53,288 [INFO] 📦 Батч [1,650/76,921] | Сохранено +50 | Всего в базе: 1,657 | Скорость: 13.0 кан/сек | ETA: ~1.6 ч.
2026-09-21 10:40:57,287 [INFO] 📦 Батч [1,700/76,921] | Сохранено +50 | Всего в базе: 1,707 | Скорость: 13.0 кан/сек | ETA: ~1.6 ч.
2026-09-21 10:41:01,695 [INFO] 📦 Батч [1,750/76,921] | Сохранено +50 | Всего в базе: 1,757 | Скорость: 13.0 кан/сек | ETA: ~1.6 ч.
2026-09-21 10:41:05,888 [INFO] 📦 Батч [1,800/76,921] | Сохранено +50 | Всего в базе: 1,807 | Скорость: 12.9 кан/сек | ETA: ~1.6 ч.
2026-09-21 10:41:09,234 [INFO] 📦 Батч [1,850/76,921] | Сохранено +50 | Всего в базе: 1,857 | Скорость: 13.0 кан/сек | ETA: ~1.6 ч.
2026-09-21 10:41:13,119 [INFO] 📦 Батч [1,900/76,921] | Сохранено +50 | Всего в базе: 1,907 | Скорость: 13.0 кан/сек | ETA: ~1.6 ч.
2026-09-21 10:41:17,142 [INFO] 📦 Батч [1,950/76,921] | Сохранено +50 | Всего в базе: 1,957 | Скорость: 13.0 кан/сек | ETA: ~1.6 ч.
2026-09-21 10:41:21,968 [INFO] 📦 Батч [2,000/76,921] | Сохранено +50 | Всего в базе: 2,007 | Скорость: 12.9 кан/сек | ETA: ~1.6 ч.
2026-09-21 10:41:25,732 [INFO] 📦 Батч [2,050/76,921] | Сохранено +50 | Всего в базе: 2,057 | Скорость: 12.9 кан/сек | ETA: ~1.6 ч.
2026-09-21 10:41:28,626 [INFO] 📦 Батч [2,100/76,921] | Сохранено +50 | Всего в базе: 2,107 | Скорость: 13.0 кан/сек | ETA: ~1.6 ч.
2026-09-21 10:41:32,941 [INFO] 📦 Батч [2,150/76,921] | Сохранено +50 | Всего в базе: 2,157 | Скорость: 12.9 кан/сек | ETA: ~1.6 ч.
2026-09-21 10:41:35,545 [WARNING] ⚠️ Status 404 for https://dzen.guru/channels/sport_match
2026-09-21 10:41:36,309 [WARNING] ⚠️ urllib failed for https://dzen.guru/channels/sport_match: HTTP Error 404: Not Found
2026-09-21 10:41:36,913 [INFO] 📦 Батч [2,200/76,921] | Сохранено +49 | Всего в базе: 2,206 | Скорость: 12.9 кан/сек | ETA: ~1.6 ч.
2026-09-21 10:41:40,016 [INFO] 📦 Батч [2,250/76,921] | Сохранено +50 | Всего в базе: 2,256 | Скорость: 13.0 кан/сек | ETA: ~1.6 ч.
2026-09-21 10:41:43,094 [INFO] 📦 Батч [2,300/76,921] | Сохранено +50 | Всего в базе: 2,306 | Скорость: 13.0 кан/сек | ETA: ~1.6 ч.
2026-09-21 10:41:46,311 [INFO] 📦 Батч [2,350/76,921] | Сохранено +50 | Всего в базе: 2,356 | Скорость: 13.1 кан/сек | ETA: ~1.6 ч.
2026-09-21 10:41:50,418 [INFO] 📦 Батч [2,400/76,921] | Сохранено +50 | Всего в базе: 2,406 | Скорость: 13.0 кан/сек | ETA: ~1.6 ч.
2026-09-21 10:41:55,248 [INFO] 📦 Батч [2,450/76,921] | Сохранено +50 | Всего в базе: 2,456 | Скорость: 13.0 кан/сек | ETA: ~1.6 ч.
2026-09-21 10:41:58,895 [INFO] 📦 Батч [2,500/76,921] | Сохранено +50 | Всего в базе: 2,506 | Скорость: 13.0 кан/сек | ETA: ~1.6 ч.
2026-09-21 10:42:03,184 [INFO] 📦 Батч [2,550/76,921] | Сохранено +50 | Всего в базе: 2,556 | Скорость: 13.0 кан/сек | ETA: ~1.6 ч.
2026-09-21 10:42:07,001 [INFO] 📦 Батч [2,600/76,921] | Сохранено +50 | Всего в базе: 2,606 | Скорость: 13.0 кан/сек | ETA: ~1.6 ч.
2026-09-21 10:42:10,206 [INFO] 📦 Батч [2,650/76,921] | Сохранено +50 | Всего в базе: 2,656 | Скорость: 13.0 кан/сек | ETA: ~1.6 ч.
2026-09-21 10:42:13,356 [INFO] 📦 Батч [2,700/76,921] | Сохранено +50 | Всего в базе: 2,706 | Скорость: 13.1 кан/сек | ETA: ~1.6 ч.
2026-09-21 10:42:16,663 [INFO] 📦 Батч [2,750/76,921] | Сохранено +50 | Всего в базе: 2,756 | Скорость: 13.1 кан/сек | ETA: ~1.6 ч.
2026-09-21 10:42:19,894 [INFO] 📦 Батч [2,800/76,921] | Сохранено +50 | Всего в базе: 2,806 | Скорость: 13.1 кан/сек | ETA: ~1.6 ч.
2026-09-21 10:42:23,182 [INFO] 📦 Батч [2,850/76,921] | Сохранено +50 | Всего в базе: 2,856 | Скорость: 13.2 кан/сек | ETA: ~1.6 ч.
2026-09-21 10:42:26,442 [INFO] 📦 Батч [2,900/76,921] | Сохранено +50 | Всего в базе: 2,906 | Скорость: 13.2 кан/сек | ETA: ~1.6 ч.
2026-09-21 10:42:29,733 [INFO] 📦 Батч [2,950/76,921] | Сохранено +50 | Всего в базе: 2,956 | Скорость: 13.2 кан/сек | ETA: ~1.6 ч.
2026-09-21 10:42:32,883 [INFO] 📦 Батч [3,000/76,921] | Сохранено +50 | Всего в базе: 3,006 | Скорость: 13.3 кан/сек | ETA: ~1.5 ч.
2026-09-21 10:42:36,127 [INFO] 📦 Батч [3,050/76,921] | Сохранено +50 | Всего в базе: 3,056 | Скорость: 13.3 кан/сек | ETA: ~1.5 ч.
2026-09-21 10:42:40,234 [INFO] 📦 Батч [3,100/76,921] | Сохранено +50 | Всего в базе: 3,106 | Скорость: 13.3 кан/сек | ETA: ~1.5 ч.
2026-09-21 10:42:43,110 [INFO] 📦 Батч [3,150/76,921] | Сохранено +50 | Всего в базе: 3,156 | Скорость: 13.3 кан/сек | ETA: ~1.5 ч.
2026-09-21 10:42:46,616 [INFO] 📦 Батч [3,200/76,921] | Сохранено +50 | Всего в базе: 3,206 | Скорость: 13.3 кан/сек | ETA: ~1.5 ч.
2026-09-21 10:42:49,447 [INFO] 📦 Батч [3,250/76,921] | Сохранено +50 | Всего в базе: 3,256 | Скорость: 13.4 кан/сек | ETA: ~1.5 ч.
2026-09-21 10:42:53,780 [INFO] 📦 Батч [3,300/76,921] | Сохранено +50 | Всего в базе: 3,306 | Скорость: 13.3 кан/сек | ETA: ~1.5 ч.
2026-09-21 10:42:56,753 [INFO] 📦 Батч [3,350/76,921] | Сохранено +50 | Всего в базе: 3,356 | Скорость: 13.4 кан/сек | ETA: ~1.5 ч.
2026-09-21 10:43:00,438 [INFO] 📦 Батч [3,400/76,921] | Сохранено +50 | Всего в базе: 3,406 | Скорость: 13.4 кан/сек | ETA: ~1.5 ч.
2026-09-21 10:43:07,622 [INFO] 📦 Батч [3,450/76,921] | Сохранено +50 | Всего в базе: 3,456 | Скорость: 13.2 кан/сек | ETA: ~1.5 ч.
2026-09-21 10:43:11,796 [INFO] 📦 Батч [3,500/76,921] | Сохранено +50 | Всего в базе: 3,506 | Скорость: 13.2 кан/сек | ETA: ~1.5 ч.
2026-09-21 10:43:16,031 [INFO] 📦 Батч [3,550/76,921] | Сохранено +50 | Всего в базе: 3,556 | Скорость: 13.2 кан/сек | ETA: ~1.5 ч.
2026-09-21 10:43:22,513 [INFO] 📦 Батч [3,600/76,921] | Сохранено +50 | Всего в базе: 3,606 | Скорость: 13.0 кан/сек | ETA: ~1.6 ч.
2026-09-21 10:43:28,434 [INFO] 📦 Батч [3,650/76,921] | Сохранено +50 | Всего в базе: 3,656 | Скорость: 12.9 кан/сек | ETA: ~1.6 ч.
2026-09-21 10:43:28,922 [WARNING] ⚠️ Status 404 for https://dzen.guru/channels/pikabu_official
2026-09-21 10:43:31,023 [WARNING] ⚠️ urllib failed for https://dzen.guru/channels/pikabu_official: HTTP Error 404: Not Found
2026-09-21 10:43:33,810 [INFO] 📦 Батч [3,700/76,921] | Сохранено +49 | Всего в базе: 3,705 | Скорость: 12.9 кан/сек | ETA: ~1.6 ч.
2026-09-21 10:43:37,957 [INFO] 📦 Батч [3,750/76,921] | Сохранено +50 | Всего в базе: 3,755 | Скорость: 12.9 кан/сек | ETA: ~1.6 ч.
2026-09-21 10:43:42,804 [INFO] 📦 Батч [3,800/76,921] | Сохранено +50 | Всего в базе: 3,805 | Скорость: 12.8 кан/сек | ETA: ~1.6 ч.
2026-09-21 10:43:47,339 [INFO] 📦 Батч [3,850/76,921] | Сохранено +50 | Всего в базе: 3,855 | Скорость: 12.8 кан/сек | ETA: ~1.6 ч.
2026-09-21 10:43:51,446 [INFO] 📦 Батч [3,900/76,921] | Сохранено +50 | Всего в базе: 3,905 | Скорость: 12.8 кан/сек | ETA: ~1.6 ч.
2026-09-21 10:43:54,956 [INFO] 📦 Батч [3,950/76,921] | Сохранено +50 | Всего в базе: 3,955 | Скорость: 12.8 кан/сек | ETA: ~1.6 ч.
2026-09-21 10:43:57,979 [INFO] 📦 Батч [4,000/76,921] | Сохранено +50 | Всего в базе: 4,005 | Скорость: 12.8 кан/сек | ETA: ~1.6 ч.
2026-09-21 10:44:00,806 [INFO] 📦 Батч [4,050/76,921] | Сохранено +50 | Всего в базе: 4,055 | Скорость: 12.9 кан/сек | ETA: ~1.6 ч.
2026-09-21 10:44:03,803 [INFO] 📦 Батч [4,100/76,921] | Сохранено +50 | Всего в базе: 4,105 | Скорость: 12.9 кан/сек | ETA: ~1.6 ч.
2026-09-21 10:44:07,199 [INFO] 📦 Батч [4,150/76,921] | Сохранено +50 | Всего в базе: 4,155 | Скорость: 12.9 кан/сек | ETA: ~1.6 ч.
2026-09-21 10:44:11,287 [INFO] 📦 Батч [4,200/76,921] | Сохранено +50 | Всего в базе: 4,205 | Скорость: 12.9 кан/сек | ETA: ~1.6 ч.
2026-09-21 10:44:14,598 [INFO] 📦 Батч [4,250/76,921] | Сохранено +50 | Всего в базе: 4,255 | Скорость: 13.0 кан/сек | ETA: ~1.6 ч.
2026-09-21 10:44:17,770 [INFO] 📦 Батч [4,300/76,921] | Сохранено +50 | Всего в базе: 4,305 | Скорость: 13.0 кан/сек | ETA: ~1.6 ч.
2026-09-21 10:44:20,820 [INFO] 📦 Батч [4,350/76,921] | Сохранено +50 | Всего в базе: 4,355 | Скорость: 13.0 кан/сек | ETA: ~1.5 ч.
2026-09-21 10:44:24,657 [INFO] 📦 Батч [4,400/76,921] | Сохранено +50 | Всего в базе: 4,405 | Скорость: 13.0 кан/сек | ETA: ~1.5 ч.
2026-09-21 10:44:28,755 [INFO] 📦 Батч [4,450/76,921] | Сохранено +50 | Всего в базе: 4,455 | Скорость: 13.0 кан/сек | ETA: ~1.5 ч.
2026-09-21 10:44:32,125 [INFO] 📦 Батч [4,500/76,921] | Сохранено +50 | Всего в базе: 4,505 | Скорость: 13.0 кан/сек | ETA: ~1.5 ч.
2026-09-21 10:44:36,150 [INFO] 📦 Батч [4,550/76,921] | Сохранено +50 | Всего в базе: 4,555 | Скорость: 13.0 кан/сек | ETA: ~1.5 ч.
2026-09-21 10:44:40,204 [INFO] 📦 Батч [4,600/76,921] | Сохранено +50 | Всего в базе: 4,605 | Скорость: 13.0 кан/сек | ETA: ~1.5 ч.
2026-09-21 10:44:42,819 [INFO] 📦 Батч [4,650/76,921] | Сохранено +50 | Всего в базе: 4,655 | Скорость: 13.0 кан/сек | ETA: ~1.5 ч.
2026-09-21 10:44:46,218 [INFO] 📦 Батч [4,700/76,921] | Сохранено +50 | Всего в базе: 4,705 | Скорость: 13.1 кан/сек | ETA: ~1.5 ч.
2026-09-21 10:44:49,739 [INFO] 📦 Батч [4,750/76,921] | Сохранено +50 | Всего в базе: 4,755 | Скорость: 13.1 кан/сек | ETA: ~1.5 ч.
2026-09-21 10:44:53,246 [INFO] 📦 Батч [4,800/76,921] | Сохранено +50 | Всего в базе: 4,805 | Скорость: 13.1 кан/сек | ETA: ~1.5 ч.
2026-09-21 10:44:57,332 [INFO] 📦 Батч [4,850/76,921] | Сохранено +50 | Всего в базе: 4,855 | Скорость: 13.1 кан/сек | ETA: ~1.5 ч.
2026-09-21 10:45:00,880 [INFO] 📦 Батч [4,900/76,921] | Сохранено +50 | Всего в базе: 4,905 | Скорость: 13.1 кан/сек | ETA: ~1.5 ч.
2026-09-21 10:45:03,999 [INFO] 📦 Батч [4,950/76,921] | Сохранено +50 | Всего в базе: 4,955 | Скорость: 13.1 кан/сек | ETA: ~1.5 ч.
2026-09-21 10:45:07,543 [INFO] 📦 Батч [5,000/76,921] | Сохранено +50 | Всего в базе: 5,005 | Скорость: 13.1 кан/сек | ETA: ~1.5 ч.
2026-09-21 10:45:11,840 [INFO] 📦 Батч [5,050/76,921] | Сохранено +50 | Всего в базе: 5,055 | Скорость: 13.1 кан/сек | ETA: ~1.5 ч.
2026-09-21 10:45:15,113 [INFO] 📦 Батч [5,100/76,921] | Сохранено +50 | Всего в базе: 5,105 | Скорость: 13.1 кан/сек | ETA: ~1.5 ч.
2026-09-21 10:45:19,019 [INFO] 📦 Батч [5,150/76,921] | Сохранено +50 | Всего в базе: 5,155 | Скорость: 13.1 кан/сек | ETA: ~1.5 ч.
2026-09-21 10:45:23,249 [INFO] 📦 Батч [5,200/76,921] | Сохранено +50 | Всего в базе: 5,205 | Скорость: 13.1 кан/сек | ETA: ~1.5 ч.
2026-09-21 10:45:27,379 [INFO] 📦 Батч [5,250/76,921] | Сохранено +50 | Всего в базе: 5,255 | Скорость: 13.1 кан/сек | ETA: ~1.5 ч.
2026-09-21 10:45:31,823 [INFO] 📦 Батч [5,300/76,921] | Сохранено +50 | Всего в базе: 5,305 | Скорость: 13.1 кан/сек | ETA: ~1.5 ч.
2026-09-21 10:45:35,649 [INFO] 📦 Батч [5,350/76,921] | Сохранено +50 | Всего в базе: 5,355 | Скорость: 13.1 кан/сек | ETA: ~1.5 ч.
2026-09-21 10:45:38,767 [INFO] 📦 Батч [5,400/76,921] | Сохранено +50 | Всего в базе: 5,405 | Скорость: 13.1 кан/сек | ETA: ~1.5 ч.
2026-09-21 10:45:41,943 [INFO] 📦 Батч [5,450/76,921] | Сохранено +50 | Всего в базе: 5,455 | Скорость: 13.1 кан/сек | ETA: ~1.5 ч.
2026-09-21 10:45:44,593 [INFO] 📦 Батч [5,500/76,921] | Сохранено +50 | Всего в базе: 5,505 | Скорость: 13.2 кан/сек | ETA: ~1.5 ч.
2026-09-21 10:45:48,157 [INFO] 📦 Батч [5,550/76,921] | Сохранено +50 | Всего в базе: 5,555 | Скорость: 13.2 кан/сек | ETA: ~1.5 ч.
2026-09-21 10:45:51,575 [INFO] 📦 Батч [5,600/76,921] | Сохранено +50 | Всего в базе: 5,605 | Скорость: 13.2 кан/сек | ETA: ~1.5 ч.
2026-09-21 10:45:55,333 [INFO] 📦 Батч [5,650/76,921] | Сохранено +50 | Всего в базе: 5,655 | Скорость: 13.2 кан/сек | ETA: ~1.5 ч.
2026-09-21 10:45:59,732 [INFO] 📦 Батч [5,700/76,921] | Сохранено +50 | Всего в базе: 5,705 | Скорость: 13.2 кан/сек | ETA: ~1.5 ч.
2026-09-21 10:46:03,699 [INFO] 📦 Батч [5,750/76,921] | Сохранено +50 | Всего в базе: 5,755 | Скорость: 13.1 кан/сек | ETA: ~1.5 ч.
2026-09-21 10:46:06,909 [INFO] 📦 Батч [5,800/76,921] | Сохранено +50 | Всего в базе: 5,805 | Скорость: 13.2 кан/сек | ETA: ~1.5 ч.
2026-09-21 10:46:10,386 [INFO] 📦 Батч [5,850/76,921] | Сохранено +50 | Всего в базе: 5,855 | Скорость: 13.2 кан/сек | ETA: ~1.5 ч.
2026-09-21 10:46:11,319 [WARNING] ⚠️ Status 404 for https://dzen.guru/channels/finance_daily
2026-09-21 10:46:12,080 [WARNING] ⚠️ urllib failed for https://dzen.guru/channels/finance_daily: HTTP Error 404: Not Found
2026-09-21 10:46:14,856 [INFO] 📦 Батч [5,900/76,921] | Сохранено +49 | Всего в базе: 5,904 | Скорость: 13.2 кан/сек | ETA: ~1.5 ч.
2026-09-21 10:46:18,462 [INFO] 📦 Батч [5,950/76,921] | Сохранено +50 | Всего в базе: 5,954 | Скорость: 13.2 кан/сек | ETA: ~1.5 ч.
2026-09-21 10:46:21,834 [INFO] 📦 Батч [6,000/76,921] | Сохранено +50 | Всего в базе: 6,004 | Скорость: 13.2 кан/сек | ETA: ~1.5 ч.
2026-09-21 10:46:24,866 [INFO] 📦 Батч [6,050/76,921] | Сохранено +50 | Всего в базе: 6,054 | Скорость: 13.2 кан/сек | ETA: ~1.5 ч.
2026-09-21 10:46:27,867 [INFO] 📦 Батч [6,100/76,921] | Сохранено +50 | Всего в базе: 6,104 | Скорость: 13.2 кан/сек | ETA: ~1.5 ч.
2026-09-21 10:46:31,465 [INFO] 📦 Батч [6,150/76,921] | Сохранено +50 | Всего в базе: 6,154 | Скорость: 13.2 кан/сек | ETA: ~1.5 ч.
2026-09-21 10:46:34,872 [INFO] 📦 Батч [6,200/76,921] | Сохранено +50 | Всего в базе: 6,204 | Скорость: 13.2 кан/сек | ETA: ~1.5 ч.
2026-09-21 10:46:38,891 [INFO] 📦 Батч [6,250/76,921] | Сохранено +50 | Всего в базе: 6,254 | Скорость: 13.2 кан/сек | ETA: ~1.5 ч.
2026-09-21 10:46:42,001 [INFO] 📦 Батч [6,300/76,921] | Сохранено +50 | Всего в базе: 6,304 | Скорость: 13.2 кан/сек | ETA: ~1.5 ч.
2026-09-21 10:46:45,279 [INFO] 📦 Батч [6,350/76,921] | Сохранено +50 | Всего в базе: 6,354 | Скорость: 13.3 кан/сек | ETA: ~1.5 ч.
2026-09-21 10:46:48,622 [INFO] 📦 Батч [6,400/76,921] | Сохранено +50 | Всего в базе: 6,404 | Скорость: 13.3 кан/сек | ETA: ~1.5 ч.
2026-09-21 10:46:53,155 [INFO] 📦 Батч [6,450/76,921] | Сохранено +50 | Всего в базе: 6,454 | Скорость: 13.2 кан/сек | ETA: ~1.5 ч.
2026-09-21 10:46:57,171 [INFO] 📦 Батч [6,500/76,921] | Сохранено +50 | Всего в базе: 6,504 | Скорость: 13.2 кан/сек | ETA: ~1.5 ч.
2026-09-21 10:47:00,698 [INFO] 📦 Батч [6,550/76,921] | Сохранено +50 | Всего в базе: 6,554 | Скорость: 13.2 кан/сек | ETA: ~1.5 ч.
2026-09-21 10:47:02,811 [WARNING] ⚠️ Status 404 for https://dzen.guru/channels/history_world
2026-09-21 10:47:03,337 [WARNING] ⚠️ urllib failed for https://dzen.guru/channels/history_world: HTTP Error 404: Not Found
2026-09-21 10:47:03,986 [INFO] 📦 Батч [6,600/76,921] | Сохранено +49 | Всего в базе: 6,603 | Скорость: 13.3 кан/сек | ETA: ~1.5 ч.
2026-09-21 10:47:07,817 [INFO] 📦 Батч [6,650/76,921] | Сохранено +50 | Всего в базе: 6,653 | Скорость: 13.3 кан/сек | ETA: ~1.5 ч.
2026-09-21 10:47:11,371 [INFO] 📦 Батч [6,700/76,921] | Сохранено +50 | Всего в базе: 6,703 | Скорость: 13.3 кан/сек | ETA: ~1.5 ч.
2026-09-21 10:47:15,560 [INFO] 📦 Батч [6,750/76,921] | Сохранено +50 | Всего в базе: 6,753 | Скорость: 13.3 кан/сек | ETA: ~1.5 ч.
2026-09-21 10:47:19,649 [INFO] 📦 Батч [6,800/76,921] | Сохранено +50 | Всего в базе: 6,803 | Скорость: 13.2 кан/сек | ETA: ~1.5 ч.
2026-09-21 10:47:23,321 [INFO] 📦 Батч [6,850/76,921] | Сохранено +50 | Всего в базе: 6,853 | Скорость: 13.2 кан/сек | ETA: ~1.5 ч.
2026-09-21 10:47:26,951 [INFO] 📦 Батч [6,900/76,921] | Сохранено +50 | Всего в базе: 6,903 | Скорость: 13.3 кан/сек | ETA: ~1.5 ч.
2026-09-21 11:15:16,844 [INFO] 📥 Сканирование карты [1/3]: https://dzen.guru/sitemaps/channels-1.xml
2026-09-21 11:15:17,831 [INFO]   ├─ Найдено 21,703 ссылок | Уникальных новых: +20,858 (Всего: 20,858)
2026-09-21 11:15:17,831 [INFO] 📥 Сканирование карты [2/3]: https://dzen.guru/sitemaps/channels-2.xml
2026-09-21 11:15:21,884 [INFO]   ├─ Найдено 19,396 ссылок | Уникальных новых: +19,249 (Всего: 40,107)
2026-09-21 11:15:21,885 [INFO] 📥 Сканирование карты [3/3]: https://dzen.guru/sitemaps/channels-3.xml
2026-09-21 11:15:23,537 [INFO]   ├─ Найдено 36,825 ссылок | Уникальных новых: +36,796 (Всего: 76,903)
2026-09-21 11:25:43,692 [INFO] =================================================================
2026-09-21 11:25:43,720 [INFO] 🚀 ЗАПУСК НОЧНОГО ГИБРИДНОГО ПАРСЕРА V14 (ULTRA-RESILIENT)
2026-09-21 11:25:43,727 [INFO] 💾 База данных: dzen_analytics.db | Выгрузка: dzen_deep_channels.json
2026-09-21 11:25:43,728 [INFO] =================================================================
2026-09-21 11:25:43,777 [INFO] 📊 В вашей базе данных уже находится уникальных каналов: 6,903
2026-09-21 11:25:43,796 [INFO] 🧹 В базе есть 6,903 устаревших/пустых ниш для перечитывания
2026-09-21 11:25:44,335 [INFO] 📥 Сканирование карты [1/3]: https://dzen.guru/sitemaps/channels-1.xml
2026-09-21 11:25:47,778 [INFO]   ├─ Найдено 21,703 ссылок | Уникальных новых: +20,858 (Всего: 20,858)
2026-09-21 11:25:47,778 [INFO] 📥 Сканирование карты [2/3]: https://dzen.guru/sitemaps/channels-2.xml
2026-09-21 11:25:48,946 [INFO]   ├─ Найдено 19,396 ссылок | Уникальных новых: +19,249 (Всего: 40,107)
2026-09-21 11:25:48,946 [INFO] 📥 Сканирование карты [3/3]: https://dzen.guru/sitemaps/channels-3.xml
2026-09-21 11:25:50,894 [INFO]   ├─ Найдено 36,825 ссылок | Уникальных новых: +36,796 (Всего: 76,903)
2026-09-21 11:25:50,895 [INFO] 🎯 Всего сформирован пул из 76,928 уникальных каналов
2026-09-21 11:25:50,908 [INFO] ⚡ Очередь каналов для загрузки/обновления метрик: 76,928
2026-09-21 11:25:54,058 [INFO] 📦 Батч [50/76,928] | Сохранено +50 | Всего в базе: 6,953 | Скорость: 15.9 кан/сек | ETA: ~1.3 ч.
2026-09-21 11:25:57,696 [INFO] 📦 Батч [100/76,928] | Сохранено +50 | Всего в базе: 7,003 | Скорость: 14.7 кан/сек | ETA: ~1.4 ч.
2026-09-21 11:26:02,319 [INFO] 📦 Батч [150/76,928] | Сохранено +50 | Всего в базе: 7,053 | Скорость: 13.1 кан/сек | ETA: ~1.6 ч.
2026-09-21 11:26:06,219 [INFO] 📦 Батч [200/76,928] | Сохранено +50 | Всего в базе: 7,103 | Скорость: 13.1 кан/сек | ETA: ~1.6 ч.
2026-09-21 11:26:09,394 [INFO] 📦 Батч [250/76,928] | Сохранено +50 | Всего в базе: 7,153 | Скорость: 13.5 кан/сек | ETA: ~1.6 ч.
2026-09-21 11:26:13,219 [INFO] 📦 Батч [300/76,928] | Сохранено +50 | Всего в базе: 7,203 | Скорость: 13.4 кан/сек | ETA: ~1.6 ч.
2026-09-21 11:26:17,132 [INFO] 📦 Батч [350/76,928] | Сохранено +50 | Всего в базе: 7,253 | Скорость: 13.3 кан/сек | ETA: ~1.6 ч.
2026-09-21 11:26:20,034 [INFO] 📦 Батч [400/76,928] | Сохранено +50 | Всего в базе: 7,303 | Скорость: 13.7 кан/сек | ETA: ~1.5 ч.
2026-09-21 11:26:23,026 [INFO] 📦 Батч [450/76,928] | Сохранено +50 | Всего в базе: 7,353 | Скорость: 14.0 кан/сек | ETA: ~1.5 ч.
2026-09-21 11:26:25,985 [INFO] 📦 Батч [500/76,928] | Сохранено +50 | Всего в базе: 7,403 | Скорость: 14.3 кан/сек | ETA: ~1.5 ч.
2026-09-21 11:26:28,759 [INFO] 📦 Батч [550/76,928] | Сохранено +50 | Всего в базе: 7,453 | Скорость: 14.5 кан/сек | ETA: ~1.5 ч.
2026-09-21 11:26:32,191 [INFO] 📦 Батч [600/76,928] | Сохранено +50 | Всего в базе: 7,503 | Скорость: 14.5 кан/сек | ETA: ~1.5 ч.
2026-09-21 11:26:35,374 [INFO] 📦 Батч [650/76,928] | Сохранено +50 | Всего в базе: 7,553 | Скорость: 14.6 кан/сек | ETA: ~1.4 ч.
2026-09-21 11:26:39,272 [INFO] 📦 Батч [700/76,928] | Сохранено +50 | Всего в базе: 7,603 | Скорость: 14.5 кан/сек | ETA: ~1.5 ч.
2026-09-21 11:26:42,106 [INFO] 📦 Батч [750/76,928] | Сохранено +50 | Всего в базе: 7,653 | Скорость: 14.6 кан/сек | ETA: ~1.4 ч.
2026-09-21 11:26:44,971 [INFO] 📦 Батч [800/76,928] | Сохранено +50 | Всего в базе: 7,703 | Скорость: 14.8 кан/сек | ETA: ~1.4 ч.
2026-09-21 11:26:47,601 [INFO] 📦 Батч [850/76,928] | Сохранено +50 | Всего в базе: 7,753 | Скорость: 15.0 кан/сек | ETA: ~1.4 ч.
2026-09-21 11:26:50,890 [INFO] 📦 Батч [900/76,928] | Сохранено +50 | Всего в базе: 7,803 | Скорость: 15.0 кан/сек | ETA: ~1.4 ч.
2026-09-21 11:26:54,147 [INFO] 📦 Батч [950/76,928] | Сохранено +50 | Всего в базе: 7,853 | Скорость: 15.0 кан/сек | ETA: ~1.4 ч.
2026-09-21 11:26:57,341 [INFO] 📦 Батч [1,000/76,928] | Сохранено +50 | Всего в базе: 7,903 | Скорость: 15.1 кан/сек | ETA: ~1.4 ч.
2026-09-21 11:27:00,563 [INFO] 📦 Батч [1,050/76,928] | Сохранено +50 | Всего в базе: 7,953 | Скорость: 15.1 кан/сек | ETA: ~1.4 ч.
2026-09-21 11:27:03,870 [INFO] 📦 Батч [1,100/76,928] | Сохранено +50 | Всего в базе: 8,003 | Скорость: 15.1 кан/сек | ETA: ~1.4 ч.
2026-09-21 11:27:07,909 [INFO] 📦 Батч [1,150/76,928] | Сохранено +50 | Всего в базе: 8,053 | Скорость: 14.9 кан/сек | ETA: ~1.4 ч.
2026-09-21 11:27:11,020 [INFO] 📦 Батч [1,200/76,928] | Сохранено +50 | Всего в базе: 8,103 | Скорость: 15.0 кан/сек | ETA: ~1.4 ч.
2026-09-21 11:27:13,897 [INFO] 📦 Батч [1,250/76,928] | Сохранено +50 | Всего в базе: 8,153 | Скорость: 15.1 кан/сек | ETA: ~1.4 ч.
2026-09-21 11:27:17,484 [INFO] 📦 Батч [1,300/76,928] | Сохранено +50 | Всего в базе: 8,203 | Скорость: 15.0 кан/сек | ETA: ~1.4 ч.
2026-09-21 11:27:20,661 [INFO] 📦 Батч [1,350/76,928] | Сохранено +50 | Всего в базе: 8,253 | Скорость: 15.0 кан/сек | ETA: ~1.4 ч.
2026-09-21 11:27:23,256 [INFO] 📦 Батч [1,400/76,928] | Сохранено +50 | Всего в базе: 8,303 | Скорость: 15.2 кан/сек | ETA: ~1.4 ч.
2026-09-21 11:27:25,987 [INFO] 📦 Батч [1,450/76,928] | Сохранено +50 | Всего в базе: 8,353 | Скорость: 15.3 кан/сек | ETA: ~1.4 ч.
2026-09-21 11:27:29,397 [INFO] 📦 Батч [1,500/76,928] | Сохранено +50 | Всего в базе: 8,403 | Скорость: 15.2 кан/сек | ETA: ~1.4 ч.
2026-09-21 11:27:32,046 [INFO] 📦 Батч [1,550/76,928] | Сохранено +50 | Всего в базе: 8,453 | Скорость: 15.3 кан/сек | ETA: ~1.4 ч.
2026-09-21 11:27:34,801 [INFO] 📦 Батч [1,600/76,928] | Сохранено +50 | Всего в базе: 8,503 | Скорость: 15.4 кан/сек | ETA: ~1.4 ч.
2026-09-21 11:27:37,769 [INFO] 📦 Батч [1,650/76,928] | Сохранено +50 | Всего в базе: 8,553 | Скорость: 15.4 кан/сек | ETA: ~1.4 ч.
2026-09-21 11:27:41,140 [INFO] 📦 Батч [1,700/76,928] | Сохранено +50 | Всего в базе: 8,603 | Скорость: 15.4 кан/сек | ETA: ~1.4 ч.
2026-09-21 11:27:43,718 [INFO] 📦 Батч [1,750/76,928] | Сохранено +50 | Всего в базе: 8,653 | Скорость: 15.5 кан/сек | ETA: ~1.3 ч.
2026-09-21 11:27:46,702 [INFO] 📦 Батч [1,800/76,928] | Сохранено +50 | Всего в базе: 8,703 | Скорость: 15.5 кан/сек | ETA: ~1.3 ч.
2026-09-21 11:27:49,613 [INFO] 📦 Батч [1,850/76,928] | Сохранено +50 | Всего в базе: 8,753 | Скорость: 15.6 кан/сек | ETA: ~1.3 ч.
2026-09-21 11:27:52,574 [INFO] 📦 Батч [1,900/76,928] | Сохранено +50 | Всего в базе: 8,803 | Скорость: 15.6 кан/сек | ETA: ~1.3 ч.
2026-09-21 11:27:55,723 [INFO] 📦 Батч [1,950/76,928] | Сохранено +50 | Всего в базе: 8,853 | Скорость: 15.6 кан/сек | ETA: ~1.3 ч.
2026-09-21 11:27:58,964 [INFO] 📦 Батч [2,000/76,928] | Сохранено +50 | Всего в базе: 8,903 | Скорость: 15.6 кан/сек | ETA: ~1.3 ч.
2026-09-21 11:28:02,746 [INFO] 📦 Батч [2,050/76,928] | Сохранено +50 | Всего в базе: 8,953 | Скорость: 15.5 кан/сек | ETA: ~1.3 ч.
2026-09-21 11:28:06,194 [INFO] 📦 Батч [2,100/76,928] | Сохранено +50 | Всего в базе: 9,003 | Скорость: 15.5 кан/сек | ETA: ~1.3 ч.
2026-09-21 11:28:09,397 [INFO] 📦 Батч [2,150/76,928] | Сохранено +50 | Всего в базе: 9,053 | Скорость: 15.5 кан/сек | ETA: ~1.3 ч.
2026-09-21 11:28:12,128 [INFO] 📦 Батч [2,200/76,928] | Сохранено +50 | Всего в базе: 9,103 | Скорость: 15.6 кан/сек | ETA: ~1.3 ч.
2026-09-21 11:28:15,690 [INFO] 📦 Батч [2,250/76,928] | Сохранено +50 | Всего в базе: 9,153 | Скорость: 15.5 кан/сек | ETA: ~1.3 ч.
2026-09-21 11:28:18,843 [INFO] 📦 Батч [2,300/76,928] | Сохранено +50 | Всего в базе: 9,203 | Скорость: 15.5 кан/сек | ETA: ~1.3 ч.
2026-09-21 11:28:22,251 [INFO] 📦 Батч [2,350/76,928] | Сохранено +50 | Всего в базе: 9,253 | Скорость: 15.5 кан/сек | ETA: ~1.3 ч.
2026-09-21 11:28:25,719 [INFO] 📦 Батч [2,400/76,928] | Сохранено +50 | Всего в базе: 9,303 | Скорость: 15.5 кан/сек | ETA: ~1.3 ч.
2026-09-21 11:28:29,301 [INFO] 📦 Батч [2,450/76,928] | Сохранено +50 | Всего в базе: 9,353 | Скорость: 15.5 кан/сек | ETA: ~1.3 ч.
2026-09-21 11:28:32,508 [INFO] 📦 Батч [2,500/76,928] | Сохранено +50 | Всего в базе: 9,403 | Скорость: 15.5 кан/сек | ETA: ~1.3 ч.
2026-09-21 11:28:35,876 [INFO] 📦 Батч [2,550/76,928] | Сохранено +50 | Всего в базе: 9,453 | Скорость: 15.5 кан/сек | ETA: ~1.3 ч.
2026-09-21 11:28:39,254 [INFO] 📦 Батч [2,600/76,928] | Сохранено +50 | Всего в базе: 9,503 | Скорость: 15.4 кан/сек | ETA: ~1.3 ч.
2026-09-21 11:28:42,127 [INFO] 📦 Батч [2,650/76,928] | Сохранено +50 | Всего в базе: 9,553 | Скорость: 15.5 кан/сек | ETA: ~1.3 ч.
2026-09-21 11:28:45,910 [INFO] 📦 Батч [2,700/76,928] | Сохранено +50 | Всего в базе: 9,603 | Скорость: 15.4 кан/сек | ETA: ~1.3 ч.
2026-09-21 11:28:49,404 [INFO] 📦 Батч [2,750/76,928] | Сохранено +50 | Всего в базе: 9,653 | Скорость: 15.4 кан/сек | ETA: ~1.3 ч.
2026-09-21 11:28:52,686 [INFO] 📦 Батч [2,800/76,928] | Сохранено +50 | Всего в базе: 9,703 | Скорость: 15.4 кан/сек | ETA: ~1.3 ч.
2026-09-21 11:28:56,126 [INFO] 📦 Батч [2,850/76,928] | Сохранено +50 | Всего в базе: 9,753 | Скорость: 15.4 кан/сек | ETA: ~1.3 ч.
2026-09-21 11:28:59,671 [INFO] 📦 Батч [2,900/76,928] | Сохранено +50 | Всего в базе: 9,803 | Скорость: 15.4 кан/сек | ETA: ~1.3 ч.
2026-09-21 11:29:03,597 [INFO] 📦 Батч [2,950/76,928] | Сохранено +50 | Всего в базе: 9,853 | Скорость: 15.3 кан/сек | ETA: ~1.3 ч.
2026-09-21 11:29:06,755 [INFO] 📦 Батч [3,000/76,928] | Сохранено +50 | Всего в базе: 9,903 | Скорость: 15.3 кан/сек | ETA: ~1.3 ч.
2026-09-21 11:29:10,044 [INFO] 📦 Батч [3,050/76,928] | Сохранено +50 | Всего в базе: 9,953 | Скорость: 15.3 кан/сек | ETA: ~1.3 ч.
2026-09-21 11:29:13,392 [INFO] 📦 Батч [3,100/76,928] | Сохранено +50 | Всего в базе: 10,003 | Скорость: 15.3 кан/сек | ETA: ~1.3 ч.
2026-09-21 11:29:16,438 [INFO] 📦 Батч [3,150/76,928] | Сохранено +50 | Всего в базе: 10,053 | Скорость: 15.3 кан/сек | ETA: ~1.3 ч.
2026-09-21 11:29:19,829 [INFO] 📦 Батч [3,200/76,928] | Сохранено +50 | Всего в базе: 10,103 | Скорость: 15.3 кан/сек | ETA: ~1.3 ч.
2026-09-21 11:29:23,112 [INFO] 📦 Батч [3,250/76,928] | Сохранено +50 | Всего в базе: 10,153 | Скорость: 15.3 кан/сек | ETA: ~1.3 ч.
2026-09-21 11:29:26,773 [INFO] 📦 Батч [3,300/76,928] | Сохранено +50 | Всего в базе: 10,203 | Скорость: 15.3 кан/сек | ETA: ~1.3 ч.
2026-09-21 11:29:30,309 [INFO] 📦 Батч [3,350/76,928] | Сохранено +50 | Всего в базе: 10,253 | Скорость: 15.3 кан/сек | ETA: ~1.3 ч.
2026-09-21 11:29:33,244 [INFO] 📦 Батч [3,400/76,928] | Сохранено +50 | Всего в базе: 10,303 | Скорость: 15.3 кан/сек | ETA: ~1.3 ч.
2026-09-21 11:29:36,464 [INFO] 📦 Батч [3,450/76,928] | Сохранено +50 | Всего в базе: 10,353 | Скорость: 15.3 кан/сек | ETA: ~1.3 ч.
2026-09-21 11:29:39,784 [INFO] 📦 Батч [3,500/76,928] | Сохранено +50 | Всего в базе: 10,403 | Скорость: 15.3 кан/сек | ETA: ~1.3 ч.
2026-09-21 11:29:42,985 [INFO] 📦 Батч [3,550/76,928] | Сохранено +50 | Всего в базе: 10,453 | Скорость: 15.3 кан/сек | ETA: ~1.3 ч.
2026-09-21 11:29:46,880 [INFO] 📦 Батч [3,600/76,928] | Сохранено +50 | Всего в базе: 10,503 | Скорость: 15.3 кан/сек | ETA: ~1.3 ч.
2026-09-21 11:29:50,362 [INFO] 📦 Батч [3,650/76,928] | Сохранено +50 | Всего в базе: 10,553 | Скорость: 15.2 кан/сек | ETA: ~1.3 ч.
2026-09-21 11:29:53,423 [INFO] 📦 Батч [3,700/76,928] | Сохранено +50 | Всего в базе: 10,603 | Скорость: 15.3 кан/сек | ETA: ~1.3 ч.
2026-09-21 11:29:56,995 [INFO] 📦 Батч [3,750/76,928] | Сохранено +50 | Всего в базе: 10,653 | Скорость: 15.2 кан/сек | ETA: ~1.3 ч.
2026-09-21 11:30:00,383 [INFO] 📦 Батч [3,800/76,928] | Сохранено +50 | Всего в базе: 10,703 | Скорость: 15.2 кан/сек | ETA: ~1.3 ч.
2026-09-21 11:30:04,322 [INFO] 📦 Батч [3,850/76,928] | Сохранено +50 | Всего в базе: 10,753 | Скорость: 15.2 кан/сек | ETA: ~1.3 ч.
2026-09-21 11:30:04,456 [WARNING] ⚠️ Status 502 for https://dzen.guru/channels/stol_iz_massiva
2026-09-21 11:30:04,530 [WARNING] ⚠️ Status 502 for https://dzen.guru/channels/pravfut
2026-09-21 11:30:04,531 [WARNING] ⚠️ Status 502 for https://dzen.guru/channels/s_k
2026-09-21 11:30:04,533 [WARNING] ⚠️ Status 502 for https://dzen.guru/channels/623583d736d02f52631d845f
2026-09-21 11:30:04,533 [WARNING] ⚠️ Status 502 for https://dzen.guru/channels/cordis
2026-09-21 11:30:04,534 [WARNING] ⚠️ Status 502 for https://dzen.guru/channels/kondmar
2026-09-21 11:30:04,535 [WARNING] ⚠️ Status 502 for https://dzen.guru/channels/6398e0e43f5bac0fad27c4d6
2026-09-21 11:30:04,535 [WARNING] ⚠️ Status 502 for https://dzen.guru/channels/spletnyautoprma
2026-09-21 11:30:09,282 [INFO] 📦 Батч [3,900/76,928] | Сохранено +50 | Всего в базе: 10,803 | Скорость: 15.1 кан/сек | ETA: ~1.3 ч.
2026-09-21 11:30:12,586 [INFO] 📦 Батч [3,950/76,928] | Сохранено +50 | Всего в базе: 10,853 | Скорость: 15.1 кан/сек | ETA: ~1.3 ч.
2026-09-21 11:30:15,572 [INFO] 📦 Батч [4,000/76,928] | Сохранено +50 | Всего в базе: 10,903 | Скорость: 15.1 кан/сек | ETA: ~1.3 ч.
2026-09-21 11:30:19,277 [INFO] 📦 Батч [4,050/76,928] | Сохранено +50 | Всего в базе: 10,953 | Скорость: 15.1 кан/сек | ETA: ~1.3 ч.
2026-09-21 11:30:22,821 [INFO] 📦 Батч [4,100/76,928] | Сохранено +50 | Всего в базе: 11,003 | Скорость: 15.1 кан/сек | ETA: ~1.3 ч.
2026-09-21 11:30:26,304 [INFO] 📦 Батч [4,150/76,928] | Сохранено +50 | Всего в базе: 11,053 | Скорость: 15.1 кан/сек | ETA: ~1.3 ч.
2026-09-21 11:30:29,910 [INFO] 📦 Батч [4,200/76,928] | Сохранено +50 | Всего в базе: 11,103 | Скорость: 15.1 кан/сек | ETA: ~1.3 ч.
2026-09-21 11:30:33,226 [INFO] 📦 Батч [4,250/76,928] | Сохранено +50 | Всего в базе: 11,153 | Скорость: 15.1 кан/сек | ETA: ~1.3 ч.
2026-09-21 11:30:36,454 [INFO] 📦 Батч [4,300/76,928] | Сохранено +50 | Всего в базе: 11,203 | Скорость: 15.1 кан/сек | ETA: ~1.3 ч.
2026-09-21 11:30:39,774 [INFO] 📦 Батч [4,350/76,928] | Сохранено +50 | Всего в базе: 11,253 | Скорость: 15.1 кан/сек | ETA: ~1.3 ч.
2026-09-21 11:30:43,168 [INFO] 📦 Батч [4,400/76,928] | Сохранено +50 | Всего в базе: 11,303 | Скорость: 15.1 кан/сек | ETA: ~1.3 ч.
2026-09-21 11:30:46,566 [INFO] 📦 Батч [4,450/76,928] | Сохранено +50 | Всего в базе: 11,353 | Скорость: 15.1 кан/сек | ETA: ~1.3 ч.
2026-09-21 11:30:49,866 [INFO] 📦 Батч [4,500/76,928] | Сохранено +50 | Всего в базе: 11,403 | Скорость: 15.1 кан/сек | ETA: ~1.3 ч.
2026-09-21 11:30:53,150 [INFO] 📦 Батч [4,550/76,928] | Сохранено +50 | Всего в базе: 11,453 | Скорость: 15.1 кан/сек | ETA: ~1.3 ч.
2026-09-21 11:30:56,411 [INFO] 📦 Батч [4,600/76,928] | Сохранено +50 | Всего в базе: 11,503 | Скорость: 15.1 кан/сек | ETA: ~1.3 ч.
2026-09-21 11:31:00,257 [INFO] 📦 Батч [4,650/76,928] | Сохранено +50 | Всего в базе: 11,553 | Скорость: 15.0 кан/сек | ETA: ~1.3 ч.
2026-09-21 11:31:03,236 [INFO] 📦 Батч [4,700/76,928] | Сохранено +50 | Всего в базе: 11,603 | Скорость: 15.0 кан/сек | ETA: ~1.3 ч.
2026-09-21 11:31:06,305 [INFO] 📦 Батч [4,750/76,928] | Сохранено +50 | Всего в базе: 11,653 | Скорость: 15.1 кан/сек | ETA: ~1.3 ч.
2026-09-21 11:31:09,422 [INFO] 📦 Батч [4,800/76,928] | Сохранено +50 | Всего в базе: 11,703 | Скорость: 15.1 кан/сек | ETA: ~1.3 ч.
2026-09-21 11:31:12,902 [INFO] 📦 Батч [4,850/76,928] | Сохранено +50 | Всего в базе: 11,753 | Скорость: 15.1 кан/сек | ETA: ~1.3 ч.
2026-09-21 11:31:16,031 [INFO] 📦 Батч [4,900/76,928] | Сохранено +50 | Всего в базе: 11,803 | Скорость: 15.1 кан/сек | ETA: ~1.3 ч.
2026-09-21 11:31:19,200 [INFO] 📦 Батч [4,950/76,928] | Сохранено +50 | Всего в базе: 11,853 | Скорость: 15.1 кан/сек | ETA: ~1.3 ч.
2026-09-21 11:31:22,794 [INFO] 📦 Батч [5,000/76,928] | Сохранено +50 | Всего в базе: 11,903 | Скорость: 15.1 кан/сек | ETA: ~1.3 ч.
2026-09-21 11:31:25,879 [INFO] 📦 Батч [5,050/76,928] | Сохранено +50 | Всего в базе: 11,953 | Скорость: 15.1 кан/сек | ETA: ~1.3 ч.
2026-09-21 11:31:29,019 [INFO] 📦 Батч [5,100/76,928] | Сохранено +50 | Всего в базе: 12,003 | Скорость: 15.1 кан/сек | ETA: ~1.3 ч.
2026-09-21 11:31:32,219 [INFO] 📦 Батч [5,150/76,928] | Сохранено +50 | Всего в базе: 12,053 | Скорость: 15.1 кан/сек | ETA: ~1.3 ч.
2026-09-21 11:31:35,868 [INFO] 📦 Батч [5,200/76,928] | Сохранено +50 | Всего в базе: 12,103 | Скорость: 15.1 кан/сек | ETA: ~1.3 ч.
2026-09-21 11:31:38,925 [INFO] 📦 Батч [5,250/76,928] | Сохранено +50 | Всего в базе: 12,153 | Скорость: 15.1 кан/сек | ETA: ~1.3 ч.
2026-09-21 11:31:41,690 [INFO] 📦 Батч [5,300/76,928] | Сохранено +50 | Всего в базе: 12,203 | Скорость: 15.1 кан/сек | ETA: ~1.3 ч.
2026-09-21 11:31:44,648 [INFO] 📦 Батч [5,350/76,928] | Сохранено +50 | Всего в базе: 12,253 | Скорость: 15.1 кан/сек | ETA: ~1.3 ч.
2026-09-21 11:31:47,717 [INFO] 📦 Батч [5,400/76,928] | Сохранено +50 | Всего в базе: 12,303 | Скорость: 15.1 кан/сек | ETA: ~1.3 ч.
2026-09-21 11:31:50,096 [WARNING] ⚠️ Status 404 for https://dzen.guru/channels/m24_ru
2026-09-21 11:31:50,739 [WARNING] ⚠️ urllib failed for https://dzen.guru/channels/m24_ru: HTTP Error 404: Not Found
2026-09-21 11:31:51,078 [INFO] 📦 Батч [5,450/76,928] | Сохранено +49 | Всего в базе: 12,352 | Скорость: 15.1 кан/сек | ETA: ~1.3 ч.
2026-09-21 11:31:54,216 [INFO] 📦 Батч [5,500/76,928] | Сохранено +50 | Всего в базе: 12,402 | Скорость: 15.1 кан/сек | ETA: ~1.3 ч.
2026-09-21 11:31:57,801 [INFO] 📦 Батч [5,550/76,928] | Сохранено +50 | Всего в базе: 12,452 | Скорость: 15.1 кан/сек | ETA: ~1.3 ч.
2026-09-21 11:32:01,001 [INFO] 📦 Батч [5,600/76,928] | Сохранено +50 | Всего в базе: 12,502 | Скорость: 15.1 кан/сек | ETA: ~1.3 ч.
2026-09-21 11:32:04,152 [INFO] 📦 Батч [5,650/76,928] | Сохранено +50 | Всего в базе: 12,552 | Скорость: 15.1 кан/сек | ETA: ~1.3 ч.
2026-09-21 11:32:07,370 [INFO] 📦 Батч [5,700/76,928] | Сохранено +50 | Всего в базе: 12,602 | Скорость: 15.1 кан/сек | ETA: ~1.3 ч.
2026-09-21 11:32:10,834 [INFO] 📦 Батч [5,750/76,928] | Сохранено +50 | Всего в базе: 12,652 | Скорость: 15.1 кан/сек | ETA: ~1.3 ч.
2026-09-21 11:32:13,548 [INFO] 📦 Батч [5,800/76,928] | Сохранено +50 | Всего в базе: 12,702 | Скорость: 15.2 кан/сек | ETA: ~1.3 ч.
2026-09-21 11:32:17,099 [INFO] 📦 Батч [5,850/76,928] | Сохранено +50 | Всего в базе: 12,752 | Скорость: 15.1 кан/сек | ETA: ~1.3 ч.
2026-09-21 11:32:19,833 [INFO] 📦 Батч [5,900/76,928] | Сохранено +50 | Всего в базе: 12,802 | Скорость: 15.2 кан/сек | ETA: ~1.3 ч.
2026-09-21 11:32:22,784 [INFO] 📦 Батч [5,950/76,928] | Сохранено +50 | Всего в базе: 12,852 | Скорость: 15.2 кан/сек | ETA: ~1.3 ч.
2026-09-21 11:32:25,535 [INFO] 📦 Батч [6,000/76,928] | Сохранено +50 | Всего в базе: 12,902 | Скорость: 15.2 кан/сек | ETA: ~1.3 ч.
2026-09-21 11:32:28,906 [INFO] 📦 Батч [6,050/76,928] | Сохранено +50 | Всего в базе: 12,952 | Скорость: 15.2 кан/сек | ETA: ~1.3 ч.
2026-09-21 11:32:32,415 [INFO] 📦 Батч [6,100/76,928] | Сохранено +50 | Всего в базе: 13,002 | Скорость: 15.2 кан/сек | ETA: ~1.3 ч.
2026-09-21 11:32:41,759 [INFO] 📦 Батч [6,150/76,928] | Сохранено +50 | Всего в базе: 13,052 | Скорость: 15.0 кан/сек | ETA: ~1.3 ч.
2026-09-21 11:32:45,000 [INFO] 📦 Батч [6,200/76,928] | Сохранено +50 | Всего в базе: 13,102 | Скорость: 15.0 кан/сек | ETA: ~1.3 ч.
2026-09-21 11:32:48,120 [INFO] 📦 Батч [6,250/76,928] | Сохранено +50 | Всего в базе: 13,152 | Скорость: 15.0 кан/сек | ETA: ~1.3 ч.
2026-09-21 11:32:51,358 [INFO] 📦 Батч [6,300/76,928] | Сохранено +50 | Всего в базе: 13,202 | Скорость: 15.0 кан/сек | ETA: ~1.3 ч.
2026-09-21 11:32:54,670 [INFO] 📦 Батч [6,350/76,928] | Сохранено +50 | Всего в базе: 13,252 | Скорость: 15.0 кан/сек | ETA: ~1.3 ч.
2026-09-21 11:32:57,805 [INFO] 📦 Батч [6,400/76,928] | Сохранено +50 | Всего в базе: 13,302 | Скорость: 15.0 кан/сек | ETA: ~1.3 ч.
2026-09-21 11:33:00,552 [INFO] 📦 Батч [6,450/76,928] | Сохранено +50 | Всего в базе: 13,352 | Скорость: 15.0 кан/сек | ETA: ~1.3 ч.
2026-09-21 11:33:03,338 [INFO] 📦 Батч [6,500/76,928] | Сохранено +50 | Всего в базе: 13,402 | Скорость: 15.0 кан/сек | ETA: ~1.3 ч.
2026-09-21 11:33:06,691 [INFO] 📦 Батч [6,550/76,928] | Сохранено +50 | Всего в базе: 13,452 | Скорость: 15.0 кан/сек | ETA: ~1.3 ч.
2026-09-21 11:33:09,963 [INFO] 📦 Батч [6,600/76,928] | Сохранено +50 | Всего в базе: 13,502 | Скорость: 15.0 кан/сек | ETA: ~1.3 ч.
2026-09-21 11:33:13,303 [INFO] 📦 Батч [6,650/76,928] | Сохранено +50 | Всего в базе: 13,552 | Скорость: 15.0 кан/сек | ETA: ~1.3 ч.
2026-09-21 11:33:16,940 [INFO] 📦 Батч [6,700/76,928] | Сохранено +50 | Всего в базе: 13,602 | Скорость: 15.0 кан/сек | ETA: ~1.3 ч.
2026-09-21 11:33:20,781 [INFO] 📦 Батч [6,750/76,928] | Сохранено +50 | Всего в базе: 13,652 | Скорость: 15.0 кан/сек | ETA: ~1.3 ч.
2026-09-21 11:33:23,659 [INFO] 📦 Батч [6,800/76,928] | Сохранено +50 | Всего в базе: 13,702 | Скорость: 15.0 кан/сек | ETA: ~1.3 ч.
2026-09-21 11:33:27,281 [INFO] 📦 Батч [6,850/76,928] | Сохранено +50 | Всего в базе: 13,752 | Скорость: 15.0 кан/сек | ETA: ~1.3 ч.
2026-09-21 11:33:31,127 [INFO] 📦 Батч [6,900/76,928] | Сохранено +50 | Всего в базе: 13,802 | Скорость: 15.0 кан/сек | ETA: ~1.3 ч.
2026-09-21 11:33:34,253 [INFO] 📦 Батч [6,950/76,928] | Сохранено +50 | Всего в базе: 13,852 | Скорость: 15.0 кан/сек | ETA: ~1.3 ч.
2026-09-21 11:33:37,707 [INFO] 📦 Батч [7,000/76,928] | Сохранено +50 | Всего в базе: 13,902 | Скорость: 15.0 кан/сек | ETA: ~1.3 ч.
2026-09-21 11:33:40,347 [INFO] 📦 Батч [7,050/76,928] | Сохранено +50 | Всего в базе: 13,952 | Скорость: 15.0 кан/сек | ETA: ~1.3 ч.
2026-09-21 11:33:43,898 [INFO] 📦 Батч [7,100/76,928] | Сохранено +50 | Всего в базе: 14,002 | Скорость: 15.0 кан/сек | ETA: ~1.3 ч.
2026-09-21 11:33:46,699 [INFO] 📦 Батч [7,150/76,928] | Сохранено +50 | Всего в базе: 14,052 | Скорость: 15.0 кан/сек | ETA: ~1.3 ч.
2026-09-21 11:33:49,549 [INFO] 📦 Батч [7,200/76,928] | Сохранено +50 | Всего в базе: 14,102 | Скорость: 15.0 кан/сек | ETA: ~1.3 ч.
2026-09-21 11:33:52,698 [INFO] 📦 Батч [7,250/76,928] | Сохранено +50 | Всего в базе: 14,152 | Скорость: 15.0 кан/сек | ETA: ~1.3 ч.
2026-09-21 11:33:55,687 [INFO] 📦 Батч [7,300/76,928] | Сохранено +50 | Всего в базе: 14,202 | Скорость: 15.1 кан/сек | ETA: ~1.3 ч.
2026-09-21 11:33:59,065 [INFO] 📦 Батч [7,350/76,928] | Сохранено +50 | Всего в базе: 14,252 | Скорость: 15.1 кан/сек | ETA: ~1.3 ч.
2026-09-21 11:34:02,148 [INFO] 📦 Батч [7,400/76,928] | Сохранено +50 | Всего в базе: 14,302 | Скорость: 15.1 кан/сек | ETA: ~1.3 ч.
2026-09-21 11:34:05,530 [INFO] 📦 Батч [7,450/76,928] | Сохранено +50 | Всего в базе: 14,352 | Скорость: 15.1 кан/сек | ETA: ~1.3 ч.
2026-09-21 11:34:08,875 [INFO] 📦 Батч [7,500/76,928] | Сохранено +50 | Всего в базе: 14,402 | Скорость: 15.1 кан/сек | ETA: ~1.3 ч.
2026-09-21 11:34:11,923 [INFO] 📦 Батч [7,550/76,928] | Сохранено +50 | Всего в базе: 14,452 | Скорость: 15.1 кан/сек | ETA: ~1.3 ч.
2026-09-21 11:34:15,448 [INFO] 📦 Батч [7,600/76,928] | Сохранено +50 | Всего в базе: 14,502 | Скорость: 15.1 кан/сек | ETA: ~1.3 ч.
2026-09-21 11:34:18,582 [INFO] 📦 Батч [7,650/76,928] | Сохранено +50 | Всего в базе: 14,552 | Скорость: 15.1 кан/сек | ETA: ~1.3 ч.
2026-09-21 11:34:21,619 [INFO] 📦 Батч [7,700/76,928] | Сохранено +50 | Всего в базе: 14,602 | Скорость: 15.1 кан/сек | ETA: ~1.3 ч.
2026-09-21 11:34:25,405 [INFO] 📦 Батч [7,750/76,928] | Сохранено +50 | Всего в базе: 14,652 | Скорость: 15.1 кан/сек | ETA: ~1.3 ч.
2026-09-21 11:34:28,732 [INFO] 📦 Батч [7,800/76,928] | Сохранено +50 | Всего в базе: 14,702 | Скорость: 15.1 кан/сек | ETA: ~1.3 ч.
2026-09-21 11:34:33,035 [INFO] 📦 Батч [7,850/76,928] | Сохранено +50 | Всего в базе: 14,752 | Скорость: 15.0 кан/сек | ETA: ~1.3 ч.
2026-09-21 11:34:36,593 [INFO] 📦 Батч [7,900/76,928] | Сохранено +50 | Всего в базе: 14,802 | Скорость: 15.0 кан/сек | ETA: ~1.3 ч.
2026-09-21 11:34:39,601 [INFO] 📦 Батч [7,950/76,928] | Сохранено +50 | Всего в базе: 14,852 | Скорость: 15.0 кан/сек | ETA: ~1.3 ч.
2026-09-21 11:34:43,331 [INFO] 📦 Батч [8,000/76,928] | Сохранено +50 | Всего в базе: 14,902 | Скорость: 15.0 кан/сек | ETA: ~1.3 ч.
2026-09-21 11:34:47,025 [INFO] 📦 Батч [8,050/76,928] | Сохранено +50 | Всего в базе: 14,952 | Скорость: 15.0 кан/сек | ETA: ~1.3 ч.
2026-09-21 11:34:51,420 [INFO] 📦 Батч [8,100/76,928] | Сохранено +50 | Всего в базе: 15,002 | Скорость: 15.0 кан/сек | ETA: ~1.3 ч.
2026-09-21 11:34:55,403 [INFO] 📦 Батч [8,150/76,928] | Сохранено +50 | Всего в базе: 15,052 | Скорость: 15.0 кан/сек | ETA: ~1.3 ч.
2026-09-21 11:34:58,514 [INFO] 📦 Батч [8,200/76,928] | Сохранено +50 | Всего в базе: 15,102 | Скорость: 15.0 кан/сек | ETA: ~1.3 ч.
2026-09-21 11:35:01,825 [INFO] 📦 Батч [8,250/76,928] | Сохранено +50 | Всего в базе: 15,152 | Скорость: 15.0 кан/сек | ETA: ~1.3 ч.
2026-09-21 11:35:05,951 [INFO] 📦 Батч [8,300/76,928] | Сохранено +50 | Всего в базе: 15,202 | Скорость: 15.0 кан/сек | ETA: ~1.3 ч.
2026-09-21 11:35:11,147 [INFO] 📦 Батч [8,350/76,928] | Сохранено +50 | Всего в базе: 15,252 | Скорость: 14.9 кан/сек | ETA: ~1.3 ч.
2026-09-21 11:35:14,233 [INFO] 📦 Батч [8,400/76,928] | Сохранено +50 | Всего в базе: 15,302 | Скорость: 14.9 кан/сек | ETA: ~1.3 ч.
2026-09-21 11:35:18,001 [INFO] 📦 Батч [8,450/76,928] | Сохранено +50 | Всего в базе: 15,352 | Скорость: 14.9 кан/сек | ETA: ~1.3 ч.
2026-09-21 11:35:21,243 [INFO] 📦 Батч [8,500/76,928] | Сохранено +50 | Всего в базе: 15,402 | Скорость: 14.9 кан/сек | ETA: ~1.3 ч.
2026-09-21 11:35:24,672 [INFO] 📦 Батч [8,550/76,928] | Сохранено +50 | Всего в базе: 15,452 | Скорость: 14.9 кан/сек | ETA: ~1.3 ч.
2026-09-21 11:35:28,270 [INFO] 📦 Батч [8,600/76,928] | Сохранено +50 | Всего в базе: 15,502 | Скорость: 14.9 кан/сек | ETA: ~1.3 ч.
2026-09-21 11:35:31,584 [INFO] 📦 Батч [8,650/76,928] | Сохранено +50 | Всего в базе: 15,552 | Скорость: 14.9 кан/сек | ETA: ~1.3 ч.
2026-09-21 11:35:34,529 [INFO] 📦 Батч [8,700/76,928] | Сохранено +50 | Всего в базе: 15,602 | Скорость: 14.9 кан/сек | ETA: ~1.3 ч.
2026-09-21 11:35:37,872 [INFO] 📦 Батч [8,750/76,928] | Сохранено +50 | Всего в базе: 15,652 | Скорость: 14.9 кан/сек | ETA: ~1.3 ч.
2026-09-21 11:35:41,382 [INFO] 📦 Батч [8,800/76,928] | Сохранено +50 | Всего в базе: 15,702 | Скорость: 14.9 кан/сек | ETA: ~1.3 ч.
2026-09-21 11:35:44,874 [INFO] 📦 Батч [8,850/76,928] | Сохранено +50 | Всего в базе: 15,752 | Скорость: 14.9 кан/сек | ETA: ~1.3 ч.
2026-09-21 11:35:48,316 [INFO] 📦 Батч [8,900/76,928] | Сохранено +50 | Всего в базе: 15,802 | Скорость: 14.9 кан/сек | ETA: ~1.3 ч.
2026-09-21 11:35:51,816 [INFO] 📦 Батч [8,950/76,928] | Сохранено +50 | Всего в базе: 15,852 | Скорость: 14.9 кан/сек | ETA: ~1.3 ч.
2026-09-21 11:35:55,097 [INFO] 📦 Батч [9,000/76,928] | Сохранено +50 | Всего в базе: 15,902 | Скорость: 14.9 кан/сек | ETA: ~1.3 ч.
2026-09-21 11:35:58,290 [INFO] 📦 Батч [9,050/76,928] | Сохранено +50 | Всего в базе: 15,952 | Скорость: 14.9 кан/сек | ETA: ~1.3 ч.
2026-09-21 11:36:02,103 [INFO] 📦 Батч [9,100/76,928] | Сохранено +50 | Всего в базе: 16,002 | Скорость: 14.9 кан/сек | ETA: ~1.3 ч.
2026-09-21 11:36:05,222 [INFO] 📦 Батч [9,150/76,928] | Сохранено +50 | Всего в базе: 16,052 | Скорость: 14.9 кан/сек | ETA: ~1.3 ч.
2026-09-21 11:36:08,414 [INFO] 📦 Батч [9,200/76,928] | Сохранено +50 | Всего в базе: 16,102 | Скорость: 14.9 кан/сек | ETA: ~1.3 ч.
2026-09-21 11:36:12,254 [INFO] 📦 Батч [9,250/76,928] | Сохранено +50 | Всего в базе: 16,152 | Скорость: 14.9 кан/сек | ETA: ~1.3 ч.
2026-09-21 11:36:15,880 [INFO] 📦 Батч [9,300/76,928] | Сохранено +50 | Всего в базе: 16,202 | Скорость: 14.9 кан/сек | ETA: ~1.3 ч.
2026-09-21 11:36:20,167 [INFO] 📦 Батч [9,350/76,928] | Сохранено +50 | Всего в базе: 16,252 | Скорость: 14.9 кан/сек | ETA: ~1.3 ч.
2026-09-21 11:36:23,914 [INFO] 📦 Батч [9,400/76,928] | Сохранено +50 | Всего в базе: 16,302 | Скорость: 14.8 кан/сек | ETA: ~1.3 ч.
2026-09-21 11:36:27,401 [INFO] 📦 Батч [9,450/76,928] | Сохранено +50 | Всего в базе: 16,352 | Скорость: 14.8 кан/сек | ETA: ~1.3 ч.
2026-09-21 11:36:30,851 [INFO] 📦 Батч [9,500/76,928] | Сохранено +50 | Всего в базе: 16,402 | Скорость: 14.8 кан/сек | ETA: ~1.3 ч.
2026-09-21 11:36:34,302 [INFO] 📦 Батч [9,550/76,928] | Сохранено +50 | Всего в базе: 16,452 | Скорость: 14.8 кан/сек | ETA: ~1.3 ч.
2026-09-21 11:36:38,445 [INFO] 📦 Батч [9,600/76,928] | Сохранено +50 | Всего в базе: 16,502 | Скорость: 14.8 кан/сек | ETA: ~1.3 ч.
2026-09-21 11:36:42,102 [INFO] 📦 Батч [9,650/76,928] | Сохранено +50 | Всего в базе: 16,552 | Скорость: 14.8 кан/сек | ETA: ~1.3 ч.
2026-09-21 11:36:45,956 [INFO] 📦 Батч [9,700/76,928] | Сохранено +50 | Всего в базе: 16,602 | Скорость: 14.8 кан/сек | ETA: ~1.3 ч.
2026-09-21 11:36:50,339 [INFO] 📦 Батч [9,750/76,928] | Сохранено +50 | Всего в базе: 16,652 | Скорость: 14.8 кан/сек | ETA: ~1.3 ч.
2026-09-21 11:36:53,469 [INFO] 📦 Батч [9,800/76,928] | Сохранено +50 | Всего в базе: 16,702 | Скорость: 14.8 кан/сек | ETA: ~1.3 ч.
2026-09-21 11:36:56,636 [INFO] 📦 Батч [9,850/76,928] | Сохранено +50 | Всего в базе: 16,752 | Скорость: 14.8 кан/сек | ETA: ~1.3 ч.
2026-09-21 11:37:00,056 [INFO] 📦 Батч [9,900/76,928] | Сохранено +50 | Всего в базе: 16,802 | Скорость: 14.8 кан/сек | ETA: ~1.3 ч.
2026-09-21 11:37:03,142 [INFO] 📦 Батч [9,950/76,928] | Сохранено +50 | Всего в базе: 16,852 | Скорость: 14.8 кан/сек | ETA: ~1.3 ч.
2026-09-21 11:37:06,303 [INFO] 📦 Батч [10,000/76,928] | Сохранено +50 | Всего в базе: 16,902 | Скорость: 14.8 кан/сек | ETA: ~1.3 ч.
2026-09-21 11:37:09,360 [INFO] 📦 Батч [10,050/76,928] | Сохранено +50 | Всего в базе: 16,952 | Скорость: 14.8 кан/сек | ETA: ~1.3 ч.
2026-09-21 11:37:12,802 [INFO] 📦 Батч [10,100/76,928] | Сохранено +50 | Всего в базе: 17,002 | Скорость: 14.8 кан/сек | ETA: ~1.3 ч.
2026-09-21 11:37:15,653 [INFO] 📦 Батч [10,150/76,928] | Сохранено +50 | Всего в базе: 17,052 | Скорость: 14.8 кан/сек | ETA: ~1.3 ч.
2026-09-21 11:37:18,547 [INFO] 📦 Батч [10,200/76,928] | Сохранено +50 | Всего в базе: 17,102 | Скорость: 14.8 кан/сек | ETA: ~1.2 ч.
